// Jest Snapshot v1, https://goo.gl/fbAQLP

exports[`ProductImage Debe de mostrar el componente correctamente con la Imagen del producto 1`] = `
<img
  alt="img-pic"
  className="productImg undefined"
  src="https://res.cloudinary.com/dtp3gqean/image/upload/v1623042649/probar_qjetgg.png"
/>
`;
